Γ£à Connected to MongoDB
≡ƒº╣ Cleaned up old test data
≡ƒÜÇ Step 1: Registering user...
node : Γ¥î Test Failed: Request failed with status code 400
At line:1 char:1
+ node test-approval-workflow.js > test_output.txt 2>&1
+ ~~~~~~~~~~~~~~~~~~~~~~~~~~~~~~~~~~~~~~~~~~~~~~~~~~~~~
    + CategoryInfo          : NotSpecified: (Γ¥î Test Failed...status code 400:String) [], RemoteExc 
   eption
    + FullyQualifiedErrorId : NativeCommandError
 
Response Data: { success: false, message: 'All fields are required' }
